  % Total    % Received % Xferd  Average Speed   Time    Time     Time  Current
                                 Dload  Upload   Total   Spent    Left  Speed
  0     0    0     0    0     0      0      0 --:--:-- --:--:-- --:--:--     0100  2037  100  2037    0     0   507k      0 --:--:-- --:--:-- --:--:--  663k
HTTP/1.1 200 OK
Vary: Origin
Content-Type: text/html
Cache-Control: no-cache
Etag: W/"7f5-vnDFDrOVBpenEUqnz7m7f/7Y5LA"
Date: Sun, 12 Jul 2026 20:57:40 GMT
Connection: keep-alive
Keep-Alive: timeout=5
Content-Length: 2037

<!doctype html>
<html lang="en">
  <head>
    <meta charset="UTF-8" />
    <meta name="viewport" content="width=device-width, initial-scale=1.0" />
    <link rel="icon" href="data:," />
    <meta name="description" content="Evidence-linked fact sheet of AI training data, RL environments, evaluations, agent experience, market structure, and the 73 companies assembling the stack." />
    <!-- GENERATED:SEO_METADATA --><script type="application/ld+json">{"@context":"https://schema.org","@type":"Dataset","name":"RL Economy Atlas fact sheet","description":"Evidence-linked fact sheet of AI training data, RL environments, evaluations, agent experience, market structure, and the 73 companies assembling the stack.","dateModified":"2026-07-12","temporalCoverage":"..2026-07-11","isAccessibleForFree":true,"keywords":["AI training data","RL environments","model evaluations","agent experience","post-training","company landscape"]}</script>
    <title>RL Economy Atlas</title>
    <script type="module" crossorigin src="/assets/index-BYKxgHFr.js"></script>
    <link rel="modulepreload" crossorigin href="/assets/rolldown-runtime-Bh1tDfsg.js">
    <link rel="stylesheet" crossorigin href="/assets/index-Di83AkRt.css">
  </head>
  <body>
    <div id="root"><!-- GENERATED:NO_JS_FALLBACK --><noscript><article aria-label="RL Economy Atlas text fallback"><h1>RL Economy Atlas</h1><p>Evidence-linked fact sheet of AI training data, RL environments, evaluations, agent experience, market structure, and the companies assembling the stack.</p><p>Evidence cutoff: 2026-07-11. Canonical corpus: 235 sources, 561 atomic claims, 73 companies, 47 recently surfaced records, and 70 symmetric strategy-search receipts.</p><h2>Company landscape</h2><p>One ordered company landscape leads with environment and agent-runtime operators, followed by the remaining companies and a labeled recently surfaced register.</p><p><a href="/research-synthesis.txt">Open the complete generated research synthesis</a></p></article></noscript></div>
  </body>
</html>
